[2026-06-04 06:00:09Z INFO HostContext] No proxy settings were found based on environmental variables (http_proxy/https_proxy/HTTP_PROXY/HTTPS_PROXY)
[2026-06-04 06:00:09Z INFO HostContext] Well known directory 'Bin': 'E:\UC2023-2027\Courses\YEAR IV\TERM 10\ITE308ITE308K-DevOps\Projects\final_pro\actions-runner\bin'
[2026-06-04 06:00:09Z INFO HostContext] Well known directory 'Root': 'E:\UC2023-2027\Courses\YEAR IV\TERM 10\ITE308ITE308K-DevOps\Projects\final_pro\actions-runner'
[2026-06-04 06:00:09Z INFO HostContext] Well known config file 'Credentials': 'E:\UC2023-2027\Courses\YEAR IV\TERM 10\ITE308ITE308K-DevOps\Projects\final_pro\actions-runner\.credentials'
[2026-06-04 06:00:09Z INFO HostContext] Well known directory 'Bin': 'E:\UC2023-2027\Courses\YEAR IV\TERM 10\ITE308ITE308K-DevOps\Projects\final_pro\actions-runner\bin'
[2026-06-04 06:00:09Z INFO HostContext] Well known directory 'Root': 'E:\UC2023-2027\Courses\YEAR IV\TERM 10\ITE308ITE308K-DevOps\Projects\final_pro\actions-runner'
[2026-06-04 06:00:09Z INFO HostContext] Well known config file 'Runner': 'E:\UC2023-2027\Courses\YEAR IV\TERM 10\ITE308ITE308K-DevOps\Projects\final_pro\actions-runner\.runner'
[2026-06-04 06:00:09Z INFO Listener] Runner is built for Windows (X64) - win-x64.
[2026-06-04 06:00:09Z INFO Listener] RuntimeInformation: Microsoft Windows 10.0.26200.
[2026-06-04 06:00:09Z INFO Listener] Version: 2.334.0
[2026-06-04 06:00:09Z INFO Listener] Commit: f1995ede5d885c997d13d8eca5467c4ce97fe69c
[2026-06-04 06:00:09Z INFO Listener] Culture: en-US
[2026-06-04 06:00:09Z INFO Listener] UI Culture: en-US
[2026-06-04 06:00:09Z INFO HostContext] Well known directory 'Bin': 'E:\UC2023-2027\Courses\YEAR IV\TERM 10\ITE308ITE308K-DevOps\Projects\final_pro\actions-runner\bin'
[2026-06-04 06:00:09Z INFO HostContext] Well known directory 'Root': 'E:\UC2023-2027\Courses\YEAR IV\TERM 10\ITE308ITE308K-DevOps\Projects\final_pro\actions-runner'
[2026-06-04 06:00:09Z INFO Listener] Validating directory permissions for: 'E:\UC2023-2027\Courses\YEAR IV\TERM 10\ITE308ITE308K-DevOps\Projects\final_pro\actions-runner'
[2026-06-04 06:00:09Z INFO CommandLineParser] Parse
[2026-06-04 06:00:09Z INFO CommandLineParser] Parsing 1 args
[2026-06-04 06:00:09Z INFO CommandLineParser] parsing argument
[2026-06-04 06:00:09Z INFO CommandLineParser] HasArgs: False
[2026-06-04 06:00:09Z INFO CommandLineParser] Adding Command: run
[2026-06-04 06:00:09Z INFO Listener] Arguments parsed
[2026-06-04 06:00:09Z INFO Runner] ExecuteCommand
[2026-06-04 06:00:09Z INFO ConfigurationStore] currentAssemblyLocation: E:\UC2023-2027\Courses\YEAR IV\TERM 10\ITE308ITE308K-DevOps\Projects\final_pro\actions-runner\bin\Runner.Listener.dll
[2026-06-04 06:00:09Z INFO HostContext] Well known directory 'Bin': 'E:\UC2023-2027\Courses\YEAR IV\TERM 10\ITE308ITE308K-DevOps\Projects\final_pro\actions-runner\bin'
[2026-06-04 06:00:09Z INFO ConfigurationStore] binPath: E:\UC2023-2027\Courses\YEAR IV\TERM 10\ITE308ITE308K-DevOps\Projects\final_pro\actions-runner\bin
[2026-06-04 06:00:09Z INFO HostContext] Well known directory 'Bin': 'E:\UC2023-2027\Courses\YEAR IV\TERM 10\ITE308ITE308K-DevOps\Projects\final_pro\actions-runner\bin'
[2026-06-04 06:00:09Z INFO HostContext] Well known directory 'Root': 'E:\UC2023-2027\Courses\YEAR IV\TERM 10\ITE308ITE308K-DevOps\Projects\final_pro\actions-runner'
[2026-06-04 06:00:09Z INFO ConfigurationStore] RootFolder: E:\UC2023-2027\Courses\YEAR IV\TERM 10\ITE308ITE308K-DevOps\Projects\final_pro\actions-runner
[2026-06-04 06:00:09Z INFO HostContext] Well known directory 'Bin': 'E:\UC2023-2027\Courses\YEAR IV\TERM 10\ITE308ITE308K-DevOps\Projects\final_pro\actions-runner\bin'
[2026-06-04 06:00:09Z INFO HostContext] Well known directory 'Root': 'E:\UC2023-2027\Courses\YEAR IV\TERM 10\ITE308ITE308K-DevOps\Projects\final_pro\actions-runner'
[2026-06-04 06:00:09Z INFO HostContext] Well known config file 'Runner': 'E:\UC2023-2027\Courses\YEAR IV\TERM 10\ITE308ITE308K-DevOps\Projects\final_pro\actions-runner\.runner'
[2026-06-04 06:00:09Z INFO ConfigurationStore] ConfigFilePath: E:\UC2023-2027\Courses\YEAR IV\TERM 10\ITE308ITE308K-DevOps\Projects\final_pro\actions-runner\.runner
[2026-06-04 06:00:09Z INFO HostContext] Well known directory 'Bin': 'E:\UC2023-2027\Courses\YEAR IV\TERM 10\ITE308ITE308K-DevOps\Projects\final_pro\actions-runner\bin'
[2026-06-04 06:00:09Z INFO HostContext] Well known directory 'Root': 'E:\UC2023-2027\Courses\YEAR IV\TERM 10\ITE308ITE308K-DevOps\Projects\final_pro\actions-runner'
[2026-06-04 06:00:09Z INFO HostContext] Well known config file 'MigratedRunner': 'E:\UC2023-2027\Courses\YEAR IV\TERM 10\ITE308ITE308K-DevOps\Projects\final_pro\actions-runner\.runner_migrated'
[2026-06-04 06:00:09Z INFO ConfigurationStore] MigratedConfigFilePath: E:\UC2023-2027\Courses\YEAR IV\TERM 10\ITE308ITE308K-DevOps\Projects\final_pro\actions-runner\.runner_migrated
[2026-06-04 06:00:09Z INFO HostContext] Well known directory 'Bin': 'E:\UC2023-2027\Courses\YEAR IV\TERM 10\ITE308ITE308K-DevOps\Projects\final_pro\actions-runner\bin'
[2026-06-04 06:00:09Z INFO HostContext] Well known directory 'Root': 'E:\UC2023-2027\Courses\YEAR IV\TERM 10\ITE308ITE308K-DevOps\Projects\final_pro\actions-runner'
[2026-06-04 06:00:09Z INFO HostContext] Well known config file 'Credentials': 'E:\UC2023-2027\Courses\YEAR IV\TERM 10\ITE308ITE308K-DevOps\Projects\final_pro\actions-runner\.credentials'
[2026-06-04 06:00:09Z INFO ConfigurationStore] CredFilePath: E:\UC2023-2027\Courses\YEAR IV\TERM 10\ITE308ITE308K-DevOps\Projects\final_pro\actions-runner\.credentials
[2026-06-04 06:00:09Z INFO HostContext] Well known directory 'Bin': 'E:\UC2023-2027\Courses\YEAR IV\TERM 10\ITE308ITE308K-DevOps\Projects\final_pro\actions-runner\bin'
[2026-06-04 06:00:09Z INFO HostContext] Well known directory 'Root': 'E:\UC2023-2027\Courses\YEAR IV\TERM 10\ITE308ITE308K-DevOps\Projects\final_pro\actions-runner'
[2026-06-04 06:00:09Z INFO HostContext] Well known config file 'MigratedCredentials': 'E:\UC2023-2027\Courses\YEAR IV\TERM 10\ITE308ITE308K-DevOps\Projects\final_pro\actions-runner\.credentials_migrated'
[2026-06-04 06:00:09Z INFO ConfigurationStore] MigratedCredFilePath: E:\UC2023-2027\Courses\YEAR IV\TERM 10\ITE308ITE308K-DevOps\Projects\final_pro\actions-runner\.credentials_migrated
[2026-06-04 06:00:09Z INFO HostContext] Well known directory 'Bin': 'E:\UC2023-2027\Courses\YEAR IV\TERM 10\ITE308ITE308K-DevOps\Projects\final_pro\actions-runner\bin'
[2026-06-04 06:00:09Z INFO HostContext] Well known directory 'Root': 'E:\UC2023-2027\Courses\YEAR IV\TERM 10\ITE308ITE308K-DevOps\Projects\final_pro\actions-runner'
[2026-06-04 06:00:09Z INFO HostContext] Well known config file 'Service': 'E:\UC2023-2027\Courses\YEAR IV\TERM 10\ITE308ITE308K-DevOps\Projects\final_pro\actions-runner\.service'
[2026-06-04 06:00:09Z INFO ConfigurationStore] ServiceConfigFilePath: E:\UC2023-2027\Courses\YEAR IV\TERM 10\ITE308ITE308K-DevOps\Projects\final_pro\actions-runner\.service
[2026-06-04 06:00:09Z INFO CommandSettings] Flag 'help': 'False'
[2026-06-04 06:00:09Z INFO CommandSettings] Flag 'version': 'False'
[2026-06-04 06:00:09Z INFO CommandSettings] Flag 'commit': 'False'
[2026-06-04 06:00:09Z INFO CommandSettings] Flag 'check': 'False'
[2026-06-04 06:00:09Z INFO CommandSettings] Command 'configure': 'False'
[2026-06-04 06:00:09Z INFO CommandSettings] Command 'remove': 'False'
[2026-06-04 06:00:09Z INFO CommandSettings] Command 'warmup': 'False'
[2026-06-04 06:00:09Z INFO ConfigurationManager] LoadSettings
[2026-06-04 06:00:09Z INFO ConfigurationStore] IsConfigured()
[2026-06-04 06:00:09Z INFO ConfigurationStore] IsConfigured: True
[2026-06-04 06:00:09Z INFO ConfigurationManager] Is configured: True
[2026-06-04 06:00:09Z INFO ConfigurationStore] Read setting file: 404 chars
[2026-06-04 06:00:09Z INFO ConfigurationManager] Settings Loaded
[2026-06-04 06:00:09Z INFO ConfigurationStore] IsServiceConfigured()
[2026-06-04 06:00:09Z INFO ConfigurationStore] IsServiceConfigured: False
[2026-06-04 06:00:09Z INFO CommandSettings] Command 'run': 'True'
[2026-06-04 06:00:09Z INFO ConfigurationStore] IsConfigured()
[2026-06-04 06:00:09Z INFO ConfigurationStore] IsConfigured: True
[2026-06-04 06:00:09Z INFO ConfigurationManager] Is configured: True
[2026-06-04 06:00:09Z INFO Runner] Could not parse the argument value '' for StartupType. Defaulting to Manual
[2026-06-04 06:00:09Z INFO Runner] Set runner startup type - Manual
[2026-06-04 06:00:09Z INFO CommandSettings] Flag 'once': 'False'
[2026-06-04 06:00:09Z INFO CommandSettings] Flag 'once': 'False'
[2026-06-04 06:00:09Z INFO Runner] RunAsync
[2026-06-04 06:00:09Z INFO HostContext] Well known directory 'Bin': 'E:\UC2023-2027\Courses\YEAR IV\TERM 10\ITE308ITE308K-DevOps\Projects\final_pro\actions-runner\bin'
[2026-06-04 06:00:09Z INFO HostContext] Well known directory 'Root': 'E:\UC2023-2027\Courses\YEAR IV\TERM 10\ITE308ITE308K-DevOps\Projects\final_pro\actions-runner'
[2026-06-04 06:00:09Z INFO HostContext] Well known directory 'Work': 'E:\UC2023-2027\Courses\YEAR IV\TERM 10\ITE308ITE308K-DevOps\Projects\final_pro\actions-runner\_work'
[2026-06-04 06:00:09Z INFO Runner] Validating directory permissions for: 'E:\UC2023-2027\Courses\YEAR IV\TERM 10\ITE308ITE308K-DevOps\Projects\final_pro\actions-runner\_work'
[2026-06-04 06:00:09Z INFO ConfigurationManager] LoadMigratedSettings
[2026-06-04 06:00:09Z INFO ConfigurationStore] IsMigratedConfigured()
[2026-06-04 06:00:09Z INFO ConfigurationStore] IsMigratedConfigured: False
[2026-06-04 06:00:09Z INFO Runner] Failed to load migrated settings: No migrated configuration found.
[2026-06-04 06:00:09Z INFO Runner] Falling back to original .runner settings
[2026-06-04 06:00:09Z INFO Runner] Using BrokerMessageListener
[2026-06-04 06:00:09Z INFO BrokerMessageListener] Using provided settings
[2026-06-04 06:00:09Z INFO BrokerMessageListener] {
  "AgentId": 2,
  "AgentName": "final-pro-runner",
  "PoolId": 1,
  "PoolName": "Default",
  "ServerUrl": "https://pipelinesghubeus26.actions.githubusercontent.com/8JsuKEb1nAv0MU42sMK2dxRMbn6sYZ5TYu60HZx8nDwyUek9l1/",
  "GitHubUrl": "https://github.com/Itsbalenreigns/final_pro",
  "WorkFolder": "_work",
  "UseV2Flow": true,
  "ServerUrlV2": "https://broker.actions.githubusercontent.com/"
}
[2026-06-04 06:00:09Z INFO BrokerMessageListener] Loading Credentials
[2026-06-04 06:00:09Z INFO ConfigurationStore] HasCredentials()
[2026-06-04 06:00:09Z INFO ConfigurationStore] stored True
[2026-06-04 06:00:09Z INFO CredentialManager] GetCredentialProvider
[2026-06-04 06:00:09Z INFO CredentialManager] Creating type OAuth
[2026-06-04 06:00:09Z INFO CredentialManager] Creating credential type: OAuth
[2026-06-04 06:00:09Z INFO HostContext] Well known directory 'Bin': 'E:\UC2023-2027\Courses\YEAR IV\TERM 10\ITE308ITE308K-DevOps\Projects\final_pro\actions-runner\bin'
[2026-06-04 06:00:09Z INFO HostContext] Well known directory 'Root': 'E:\UC2023-2027\Courses\YEAR IV\TERM 10\ITE308ITE308K-DevOps\Projects\final_pro\actions-runner'
[2026-06-04 06:00:09Z INFO HostContext] Well known config file 'RSACredentials': 'E:\UC2023-2027\Courses\YEAR IV\TERM 10\ITE308ITE308K-DevOps\Projects\final_pro\actions-runner\.credentials_rsaparams'
[2026-06-04 06:00:09Z INFO RSAEncryptedFileKeyManager] Loading RSA key parameters from file E:\UC2023-2027\Courses\YEAR IV\TERM 10\ITE308ITE308K-DevOps\Projects\final_pro\actions-runner\.credentials_rsaparams
[2026-06-04 06:00:09Z INFO BrokerMessageListener] Attempt to create session.
[2026-06-04 06:00:09Z INFO BrokerMessageListener] Connecting to the Broker Server...
[2026-06-04 06:00:09Z INFO ConfigurationStore] HasCredentials()
[2026-06-04 06:00:09Z INFO ConfigurationStore] stored True
[2026-06-04 06:00:09Z INFO CredentialManager] GetCredentialProvider
[2026-06-04 06:00:09Z INFO CredentialManager] Creating type OAuth
[2026-06-04 06:00:09Z INFO CredentialManager] Creating credential type: OAuth
[2026-06-04 06:00:09Z INFO RSAEncryptedFileKeyManager] Loading RSA key parameters from file E:\UC2023-2027\Courses\YEAR IV\TERM 10\ITE308ITE308K-DevOps\Projects\final_pro\actions-runner\.credentials_rsaparams
[2026-06-04 06:00:09Z INFO BrokerMessageListener] VssConnection created
[2026-06-04 06:00:09Z INFO BrokerMessageListener] Connecting to the Runner server...
[2026-06-04 06:00:09Z INFO RunnerServer] EstablishVssConnection
[2026-06-04 06:00:09Z INFO RunnerServer] Establish connection with 100 seconds timeout.
[2026-06-04 06:00:10Z INFO GitHubActionsService] Starting operation Location.GetConnectionData
[2026-06-04 06:00:10Z INFO RunnerServer] EstablishVssConnection
[2026-06-04 06:00:10Z INFO RunnerServer] Establish connection with 60 seconds timeout.
[2026-06-04 06:00:10Z INFO GitHubActionsService] Starting operation Location.GetConnectionData
[2026-06-04 06:00:10Z INFO RunnerServer] EstablishVssConnection
[2026-06-04 06:00:10Z INFO RunnerServer] Establish connection with 60 seconds timeout.
[2026-06-04 06:00:10Z INFO GitHubActionsService] Starting operation Location.GetConnectionData
[2026-06-04 06:00:11Z INFO GitHubActionsService] Finished operation Location.GetConnectionData
[2026-06-04 06:00:11Z INFO GitHubActionsService] Finished operation Location.GetConnectionData
[2026-06-04 06:00:11Z INFO GitHubActionsService] Finished operation Location.GetConnectionData
[2026-06-04 06:00:11Z INFO BrokerMessageListener] VssConnection created
[2026-06-04 06:00:11Z INFO Terminal] WRITE LINE: 
[2026-06-04 06:00:11Z INFO Terminal] WRITE LINE: 
[2026-06-04 06:00:11Z INFO RSAEncryptedFileKeyManager] Loading RSA key parameters from file E:\UC2023-2027\Courses\YEAR IV\TERM 10\ITE308ITE308K-DevOps\Projects\final_pro\actions-runner\.credentials_rsaparams
[2026-06-04 06:00:11Z INFO RSAEncryptedFileKeyManager] Loading RSA key parameters from file E:\UC2023-2027\Courses\YEAR IV\TERM 10\ITE308ITE308K-DevOps\Projects\final_pro\actions-runner\.credentials_rsaparams
[2026-06-04 06:00:12Z INFO GitHubActionsService] AAD Correlation ID for this token request: Unknown
[2026-06-04 06:00:13Z INFO BrokerMessageListener] Session created.
[2026-06-04 06:00:13Z INFO Terminal] WRITE LINE: Current runner version: '2.334.0'
[2026-06-04 06:00:13Z INFO Terminal] WRITE LINE: 2026-06-04 06:00:13Z: Listening for Jobs
[2026-06-04 06:00:13Z INFO JobDispatcher] Set runner/worker IPC timeout to 30 seconds.
