[2026-06-04 05:59:27Z INFO HostContext] No proxy settings were found based on environmental variables (http_proxy/https_proxy/HTTP_PROXY/HTTPS_PROXY)
[2026-06-04 05:59:27Z INFO HostContext] Well known directory 'Bin': 'E:\UC2023-2027\Courses\YEAR IV\TERM 10\ITE308ITE308K-DevOps\Projects\final_pro\actions-runner\bin'
[2026-06-04 05:59:27Z INFO HostContext] Well known directory 'Root': 'E:\UC2023-2027\Courses\YEAR IV\TERM 10\ITE308ITE308K-DevOps\Projects\final_pro\actions-runner'
[2026-06-04 05:59:27Z INFO HostContext] Well known config file 'Credentials': 'E:\UC2023-2027\Courses\YEAR IV\TERM 10\ITE308ITE308K-DevOps\Projects\final_pro\actions-runner\.credentials'
[2026-06-04 05:59:27Z INFO HostContext] Well known directory 'Bin': 'E:\UC2023-2027\Courses\YEAR IV\TERM 10\ITE308ITE308K-DevOps\Projects\final_pro\actions-runner\bin'
[2026-06-04 05:59:27Z INFO HostContext] Well known directory 'Root': 'E:\UC2023-2027\Courses\YEAR IV\TERM 10\ITE308ITE308K-DevOps\Projects\final_pro\actions-runner'
[2026-06-04 05:59:27Z INFO HostContext] Well known config file 'Runner': 'E:\UC2023-2027\Courses\YEAR IV\TERM 10\ITE308ITE308K-DevOps\Projects\final_pro\actions-runner\.runner'
[2026-06-04 05:59:27Z INFO Listener] Runner is built for Windows (X64) - win-x64.
[2026-06-04 05:59:27Z INFO Listener] RuntimeInformation: Microsoft Windows 10.0.26200.
[2026-06-04 05:59:27Z INFO Listener] Version: 2.334.0
[2026-06-04 05:59:27Z INFO Listener] Commit: f1995ede5d885c997d13d8eca5467c4ce97fe69c
[2026-06-04 05:59:27Z INFO Listener] Culture: en-US
[2026-06-04 05:59:27Z INFO Listener] UI Culture: en-US
[2026-06-04 05:59:27Z INFO HostContext] Well known directory 'Bin': 'E:\UC2023-2027\Courses\YEAR IV\TERM 10\ITE308ITE308K-DevOps\Projects\final_pro\actions-runner\bin'
[2026-06-04 05:59:27Z INFO HostContext] Well known directory 'Root': 'E:\UC2023-2027\Courses\YEAR IV\TERM 10\ITE308ITE308K-DevOps\Projects\final_pro\actions-runner'
[2026-06-04 05:59:27Z INFO Listener] Validating directory permissions for: 'E:\UC2023-2027\Courses\YEAR IV\TERM 10\ITE308ITE308K-DevOps\Projects\final_pro\actions-runner'
[2026-06-04 05:59:27Z INFO CommandLineParser] Parse
[2026-06-04 05:59:27Z INFO CommandLineParser] Parsing 5 args
[2026-06-04 05:59:27Z INFO CommandLineParser] parsing argument
[2026-06-04 05:59:27Z INFO CommandLineParser] HasArgs: False
[2026-06-04 05:59:27Z INFO CommandLineParser] Adding Command: configure
[2026-06-04 05:59:27Z INFO CommandLineParser] parsing argument
[2026-06-04 05:59:27Z INFO CommandLineParser] HasArgs: True
[2026-06-04 05:59:27Z INFO CommandLineParser] arg: url
[2026-06-04 05:59:27Z INFO CommandLineParser] parsing argument
[2026-06-04 05:59:27Z INFO CommandLineParser] HasArgs: True
[2026-06-04 05:59:27Z INFO CommandLineParser] Adding option 'url': 'https://github.com/Itsbalenreigns/final_pro'
[2026-06-04 05:59:27Z INFO CommandLineParser] parsing argument
[2026-06-04 05:59:27Z INFO CommandLineParser] HasArgs: True
[2026-06-04 05:59:27Z INFO CommandLineParser] arg: token
[2026-06-04 05:59:27Z INFO CommandLineParser] parsing argument
[2026-06-04 05:59:27Z INFO CommandLineParser] HasArgs: True
[2026-06-04 05:59:27Z INFO CommandLineParser] Adding option 'token': '***'
[2026-06-04 05:59:27Z INFO Listener] Arguments parsed
[2026-06-04 05:59:28Z INFO Runner] ExecuteCommand
[2026-06-04 05:59:28Z INFO ConfigurationStore] currentAssemblyLocation: E:\UC2023-2027\Courses\YEAR IV\TERM 10\ITE308ITE308K-DevOps\Projects\final_pro\actions-runner\bin\Runner.Listener.dll
[2026-06-04 05:59:28Z INFO HostContext] Well known directory 'Bin': 'E:\UC2023-2027\Courses\YEAR IV\TERM 10\ITE308ITE308K-DevOps\Projects\final_pro\actions-runner\bin'
[2026-06-04 05:59:28Z INFO ConfigurationStore] binPath: E:\UC2023-2027\Courses\YEAR IV\TERM 10\ITE308ITE308K-DevOps\Projects\final_pro\actions-runner\bin
[2026-06-04 05:59:28Z INFO HostContext] Well known directory 'Bin': 'E:\UC2023-2027\Courses\YEAR IV\TERM 10\ITE308ITE308K-DevOps\Projects\final_pro\actions-runner\bin'
[2026-06-04 05:59:28Z INFO HostContext] Well known directory 'Root': 'E:\UC2023-2027\Courses\YEAR IV\TERM 10\ITE308ITE308K-DevOps\Projects\final_pro\actions-runner'
[2026-06-04 05:59:28Z INFO ConfigurationStore] RootFolder: E:\UC2023-2027\Courses\YEAR IV\TERM 10\ITE308ITE308K-DevOps\Projects\final_pro\actions-runner
[2026-06-04 05:59:28Z INFO HostContext] Well known directory 'Bin': 'E:\UC2023-2027\Courses\YEAR IV\TERM 10\ITE308ITE308K-DevOps\Projects\final_pro\actions-runner\bin'
[2026-06-04 05:59:28Z INFO HostContext] Well known directory 'Root': 'E:\UC2023-2027\Courses\YEAR IV\TERM 10\ITE308ITE308K-DevOps\Projects\final_pro\actions-runner'
[2026-06-04 05:59:28Z INFO HostContext] Well known config file 'Runner': 'E:\UC2023-2027\Courses\YEAR IV\TERM 10\ITE308ITE308K-DevOps\Projects\final_pro\actions-runner\.runner'
[2026-06-04 05:59:28Z INFO ConfigurationStore] ConfigFilePath: E:\UC2023-2027\Courses\YEAR IV\TERM 10\ITE308ITE308K-DevOps\Projects\final_pro\actions-runner\.runner
[2026-06-04 05:59:28Z INFO HostContext] Well known directory 'Bin': 'E:\UC2023-2027\Courses\YEAR IV\TERM 10\ITE308ITE308K-DevOps\Projects\final_pro\actions-runner\bin'
[2026-06-04 05:59:28Z INFO HostContext] Well known directory 'Root': 'E:\UC2023-2027\Courses\YEAR IV\TERM 10\ITE308ITE308K-DevOps\Projects\final_pro\actions-runner'
[2026-06-04 05:59:28Z INFO HostContext] Well known config file 'MigratedRunner': 'E:\UC2023-2027\Courses\YEAR IV\TERM 10\ITE308ITE308K-DevOps\Projects\final_pro\actions-runner\.runner_migrated'
[2026-06-04 05:59:28Z INFO ConfigurationStore] MigratedConfigFilePath: E:\UC2023-2027\Courses\YEAR IV\TERM 10\ITE308ITE308K-DevOps\Projects\final_pro\actions-runner\.runner_migrated
[2026-06-04 05:59:28Z INFO HostContext] Well known directory 'Bin': 'E:\UC2023-2027\Courses\YEAR IV\TERM 10\ITE308ITE308K-DevOps\Projects\final_pro\actions-runner\bin'
[2026-06-04 05:59:28Z INFO HostContext] Well known directory 'Root': 'E:\UC2023-2027\Courses\YEAR IV\TERM 10\ITE308ITE308K-DevOps\Projects\final_pro\actions-runner'
[2026-06-04 05:59:28Z INFO HostContext] Well known config file 'Credentials': 'E:\UC2023-2027\Courses\YEAR IV\TERM 10\ITE308ITE308K-DevOps\Projects\final_pro\actions-runner\.credentials'
[2026-06-04 05:59:28Z INFO ConfigurationStore] CredFilePath: E:\UC2023-2027\Courses\YEAR IV\TERM 10\ITE308ITE308K-DevOps\Projects\final_pro\actions-runner\.credentials
[2026-06-04 05:59:28Z INFO HostContext] Well known directory 'Bin': 'E:\UC2023-2027\Courses\YEAR IV\TERM 10\ITE308ITE308K-DevOps\Projects\final_pro\actions-runner\bin'
[2026-06-04 05:59:28Z INFO HostContext] Well known directory 'Root': 'E:\UC2023-2027\Courses\YEAR IV\TERM 10\ITE308ITE308K-DevOps\Projects\final_pro\actions-runner'
[2026-06-04 05:59:28Z INFO HostContext] Well known config file 'MigratedCredentials': 'E:\UC2023-2027\Courses\YEAR IV\TERM 10\ITE308ITE308K-DevOps\Projects\final_pro\actions-runner\.credentials_migrated'
[2026-06-04 05:59:28Z INFO ConfigurationStore] MigratedCredFilePath: E:\UC2023-2027\Courses\YEAR IV\TERM 10\ITE308ITE308K-DevOps\Projects\final_pro\actions-runner\.credentials_migrated
[2026-06-04 05:59:28Z INFO HostContext] Well known directory 'Bin': 'E:\UC2023-2027\Courses\YEAR IV\TERM 10\ITE308ITE308K-DevOps\Projects\final_pro\actions-runner\bin'
[2026-06-04 05:59:28Z INFO HostContext] Well known directory 'Root': 'E:\UC2023-2027\Courses\YEAR IV\TERM 10\ITE308ITE308K-DevOps\Projects\final_pro\actions-runner'
[2026-06-04 05:59:28Z INFO HostContext] Well known config file 'Service': 'E:\UC2023-2027\Courses\YEAR IV\TERM 10\ITE308ITE308K-DevOps\Projects\final_pro\actions-runner\.service'
[2026-06-04 05:59:28Z INFO ConfigurationStore] ServiceConfigFilePath: E:\UC2023-2027\Courses\YEAR IV\TERM 10\ITE308ITE308K-DevOps\Projects\final_pro\actions-runner\.service
[2026-06-04 05:59:28Z INFO CommandSettings] Flag 'help': 'False'
[2026-06-04 05:59:28Z INFO CommandSettings] Flag 'version': 'False'
[2026-06-04 05:59:28Z INFO CommandSettings] Flag 'commit': 'False'
[2026-06-04 05:59:28Z INFO CommandSettings] Flag 'check': 'False'
[2026-06-04 05:59:28Z INFO CommandSettings] Command 'configure': 'True'
[2026-06-04 05:59:28Z INFO Terminal] WRITE LINE: 
[2026-06-04 05:59:28Z INFO Terminal] WRITE LINE: --------------------------------------------------------------------------------
[2026-06-04 05:59:28Z INFO Terminal] WRITE LINE: |        ____ _ _   _   _       _          _        _   _                      |
[2026-06-04 05:59:28Z INFO Terminal] WRITE LINE: |       / ___(_) |_| | | |_   _| |__      / \   ___| |_(_) ___  _ __  ___      |
[2026-06-04 05:59:28Z INFO Terminal] WRITE LINE: |      | |  _| | __| |_| | | | | '_ \    / _ \ / __| __| |/ _ \| '_ \/ __|     |
[2026-06-04 05:59:28Z INFO Terminal] WRITE LINE: |      | |_| | | |_|  _  | |_| | |_) |  / ___ \ (__| |_| | (_) | | | \__ \     |
[2026-06-04 05:59:28Z INFO Terminal] WRITE LINE: |       \____|_|\__|_| |_|\__,_|_.__/  /_/   \_\___|\__|_|\___/|_| |_|___/     |
[2026-06-04 05:59:28Z INFO Terminal] WRITE LINE: |                                                                              |
[2026-06-04 05:59:28Z INFO Terminal] WRITE: |                       
[2026-06-04 05:59:28Z INFO Terminal] WRITE: Self-hosted runner registration
[2026-06-04 05:59:28Z INFO Terminal] WRITE LINE:                         |
[2026-06-04 05:59:28Z INFO Terminal] WRITE LINE: |                                                                              |
[2026-06-04 05:59:28Z INFO Terminal] WRITE LINE: --------------------------------------------------------------------------------
[2026-06-04 05:59:28Z INFO ConfigurationManager] ConfigureAsync
[2026-06-04 05:59:28Z INFO CommandSettings] Flag 'generateServiceConfig': 'False'
[2026-06-04 05:59:28Z INFO ConfigurationStore] IsConfigured()
[2026-06-04 05:59:28Z INFO ConfigurationStore] IsConfigured: False
[2026-06-04 05:59:28Z INFO ConfigurationManager] Is configured: False
[2026-06-04 05:59:28Z INFO CommandSettings] Arg 'url': 'https://github.com/Itsbalenreigns/final_pro'
[2026-06-04 05:59:28Z INFO CommandSettings] Remove url from Arg dictionary.
[2026-06-04 05:59:28Z INFO CommandSettings] Arg 'token': '***'
[2026-06-04 05:59:28Z INFO CommandSettings] Remove token from Arg dictionary.
[2026-06-04 05:59:31Z INFO ConfigurationManager] Http response code: OK from 'POST https://api.github.com/actions/runner-registration' (F61C:31647:AB6C95:BEF4D1:6A211444)
[2026-06-04 05:59:31Z INFO ConfigurationManager] Using runner-admin flow: False
[2026-06-04 05:59:31Z INFO ConfigurationManager] cred retrieved via GitHub auth
[2026-06-04 05:59:31Z INFO RunnerServer] EstablishVssConnection
[2026-06-04 05:59:31Z INFO RunnerServer] Establish connection with 100 seconds timeout.
[2026-06-04 05:59:31Z INFO GitHubActionsService] Starting operation Location.GetConnectionData
[2026-06-04 05:59:31Z INFO RunnerServer] EstablishVssConnection
[2026-06-04 05:59:31Z INFO RunnerServer] Establish connection with 60 seconds timeout.
[2026-06-04 05:59:31Z INFO GitHubActionsService] Starting operation Location.GetConnectionData
[2026-06-04 05:59:31Z INFO RunnerServer] EstablishVssConnection
[2026-06-04 05:59:31Z INFO RunnerServer] Establish connection with 60 seconds timeout.
[2026-06-04 05:59:31Z INFO GitHubActionsService] Starting operation Location.GetConnectionData
[2026-06-04 05:59:33Z INFO GitHubActionsService] Finished operation Location.GetConnectionData
[2026-06-04 05:59:33Z INFO GitHubActionsService] Finished operation Location.GetConnectionData
[2026-06-04 05:59:33Z INFO GitHubActionsService] Finished operation Location.GetConnectionData
[2026-06-04 05:59:33Z INFO Terminal] WRITE LINE: 
[2026-06-04 05:59:33Z INFO ConfigurationManager] Test Connection complete.
[2026-06-04 05:59:33Z INFO HostContext] Well known directory 'Bin': 'E:\UC2023-2027\Courses\YEAR IV\TERM 10\ITE308ITE308K-DevOps\Projects\final_pro\actions-runner\bin'
[2026-06-04 05:59:33Z INFO HostContext] Well known directory 'Root': 'E:\UC2023-2027\Courses\YEAR IV\TERM 10\ITE308ITE308K-DevOps\Projects\final_pro\actions-runner'
[2026-06-04 05:59:33Z INFO HostContext] Well known config file 'RSACredentials': 'E:\UC2023-2027\Courses\YEAR IV\TERM 10\ITE308ITE308K-DevOps\Projects\final_pro\actions-runner\.credentials_rsaparams'
[2026-06-04 05:59:33Z INFO RSAEncryptedFileKeyManager] Creating new RSA key using 2048-bit key length
[2026-06-04 05:59:33Z INFO RSAEncryptedFileKeyManager] Successfully saved RSA key parameters to file E:\UC2023-2027\Courses\YEAR IV\TERM 10\ITE308ITE308K-DevOps\Projects\final_pro\actions-runner\.credentials_rsaparams
[2026-06-04 05:59:33Z INFO CommandSettings] Arg 'runnergroup': ''
[2026-06-04 05:59:33Z INFO CommandSettings] Flag 'unattended': 'False'
[2026-06-04 05:59:33Z INFO PromptManager] ReadValue
[2026-06-04 05:59:33Z INFO Terminal] WRITE: Enter the name of the runner group to add this runner to: 
[2026-06-04 05:59:33Z INFO Terminal] WRITE: [press Enter for Default] 
[2026-06-04 05:59:33Z INFO Terminal] READ LINE
[2026-06-04 05:59:35Z INFO Terminal] Read value: ''
[2026-06-04 05:59:35Z INFO PromptManager] Falling back to the default: 'Default'
[2026-06-04 05:59:35Z INFO Terminal] WRITE LINE: 
[2026-06-04 05:59:35Z INFO ConfigurationManager] Found a self-hosted runner group with id 1 and name Default
[2026-06-04 05:59:35Z INFO CommandSettings] Flag 'disableupdate': 'False'
[2026-06-04 05:59:35Z INFO CommandSettings] Flag 'ephemeral': 'False'
[2026-06-04 05:59:35Z INFO CommandSettings] Arg 'name': ''
[2026-06-04 05:59:35Z INFO CommandSettings] Flag 'unattended': 'False'
[2026-06-04 05:59:35Z INFO PromptManager] ReadValue
[2026-06-04 05:59:35Z INFO Terminal] WRITE: Enter the name of runner: 
[2026-06-04 05:59:35Z INFO Terminal] WRITE: [press Enter for DESKTOP-ABD9T3T] 
[2026-06-04 05:59:35Z INFO Terminal] READ LINE
[2026-06-04 05:59:48Z INFO Terminal] Read value: 'final-pro-runner'
[2026-06-04 05:59:48Z INFO Terminal] WRITE LINE: 
[2026-06-04 05:59:48Z INFO CommandSettings] Arg 'labels': ''
[2026-06-04 05:59:48Z INFO CommandSettings] Flag 'unattended': 'False'
[2026-06-04 05:59:48Z INFO PromptManager] ReadValue
[2026-06-04 05:59:48Z INFO Terminal] WRITE: This runner will have the following labels: 'self-hosted', 'Windows', 'X64' 
Enter any additional labels (ex. label-1,label-2): 
[2026-06-04 05:59:48Z INFO Terminal] WRITE: [press Enter to skip] 
[2026-06-04 05:59:48Z INFO Terminal] READ LINE
[2026-06-04 05:59:50Z INFO Terminal] Read value: ''
[2026-06-04 05:59:50Z INFO Terminal] WRITE LINE: 
[2026-06-04 05:59:50Z INFO CommandSettings] Flag 'disableupdate': 'False'
[2026-06-04 05:59:50Z INFO CommandSettings] Flag 'no-default-labels': 'False'
[2026-06-04 05:59:51Z INFO CommandSettings] Flag 'disableupdate': 'False'
[2026-06-04 05:59:51Z INFO CommandSettings] Flag 'ephemeral': 'False'
[2026-06-04 05:59:51Z INFO ConfigurationStore] Saving OAuth credential @ E:\UC2023-2027\Courses\YEAR IV\TERM 10\ITE308ITE308K-DevOps\Projects\final_pro\actions-runner\.credentials
[2026-06-04 05:59:51Z INFO ConfigurationStore] Credentials Saved.
[2026-06-04 05:59:51Z INFO ConfigurationManager] Service enforced serverUrlV2: https://broker.actions.githubusercontent.com/
[2026-06-04 05:59:51Z INFO ConfigurationManager] Service enforced useV2Flow: True
[2026-06-04 05:59:51Z INFO CommandSettings] Arg 'work': ''
[2026-06-04 05:59:51Z INFO CommandSettings] Flag 'unattended': 'False'
[2026-06-04 05:59:51Z INFO PromptManager] ReadValue
[2026-06-04 05:59:51Z INFO Terminal] WRITE: Enter name of work folder: 
[2026-06-04 05:59:51Z INFO Terminal] WRITE: [press Enter for _work] 
[2026-06-04 05:59:51Z INFO Terminal] READ LINE
[2026-06-04 05:59:54Z INFO Terminal] Read value: ''
[2026-06-04 05:59:54Z INFO PromptManager] Falling back to the default: '_work'
[2026-06-04 05:59:54Z INFO ConfigurationStore] Saving runner settings.
[2026-06-04 05:59:54Z INFO ConfigurationStore] Settings Saved.
[2026-06-04 05:59:54Z INFO Terminal] WRITE LINE: 
[2026-06-04 05:59:54Z INFO Terminal] WRITE LINE: 
[2026-06-04 05:59:54Z INFO CommandSettings] Flag 'runasservice': 'False'
[2026-06-04 05:59:54Z INFO CommandSettings] Flag 'unattended': 'False'
[2026-06-04 05:59:54Z INFO PromptManager] ReadValue
[2026-06-04 05:59:54Z INFO Terminal] WRITE: Would you like to run the runner as service? (Y/N) 
[2026-06-04 05:59:54Z INFO Terminal] WRITE: [press Enter for N] 
[2026-06-04 05:59:54Z INFO Terminal] READ LINE
[2026-06-04 06:00:03Z INFO Terminal] Read value: 'N'
[2026-06-04 06:00:03Z INFO Listener] Runner execution has finished with return code 0
